2026-09-17 16:19:23 | INFO | P04 | === RUN START ===
2026-09-17 16:19:23 | INFO | P04 | project=P04 - EXPLORATORY DATA ANALYSIS
2026-09-17 16:19:23 | INFO | P04 | repo_dir=datafun-04-eda
2026-09-17 16:19:23 | INFO | P04 | python=3.14.7
2026-09-17 16:19:23 | INFO | P04 | os=Darwin 25.6.0
2026-09-17 16:19:23 | INFO | P04 | shell=zsh
2026-09-17 16:19:23 | INFO | P04 | cwd=.
2026-09-17 16:19:23 | INFO | P04 | github_actions=False
2026-09-17 16:19:23 | INFO | P04 | ===================================
2026-09-17 16:19:23 | INFO | P04 | START main()
2026-09-17 16:19:23 | INFO | P04 | ===================================
2026-09-17 16:19:23 | INFO | P04 | -------------------------------
2026-09-17 16:19:23 | INFO | P04 | 01. LOAD the data.
2026-09-17 16:19:23 | INFO | P04 | -------------------------------
2026-09-17 16:19:23 | INFO | P04 | Loading Seaborn dataset: penguins
2026-09-17 16:19:24 | INFO | P04 | Loaded: 344 rows, 7 columns
2026-09-17 16:19:24 | INFO | P04 | -------------------------------
2026-09-17 16:19:24 | INFO | P04 | 02. INSPECT the data.
2026-09-17 16:19:24 | INFO | P04 | -------------------------------
2026-09-17 16:19:24 | DEBUG | P04 | 
DATA INSPECTION

Grain:
one observed penguin

Shape:
344 rows
7 columns

Columns:
['species', 'island', 'bill_length_mm', 'bill_depth_mm', 'flipper_length_mm', 'body_mass_g', 'sex']

2026-09-17 16:19:24 | INFO | P04 | 
DATA INSPECTION

Grain:
one observed penguin

Shape:
344 rows
7 columns

Columns:
['species', 'island', 'bill_length_mm', 'bill_depth_mm', 'flipper_length_mm', 'body_mass_g', 'sex']

2026-09-17 16:19:24 | INFO | P04 | -------------------------------
2026-09-17 16:19:24 | INFO | P04 | 03. CHECK data quality.
2026-09-17 16:19:24 | INFO | P04 | -------------------------------
2026-09-17 16:19:24 | DEBUG | P04 | 
              column    dtype  non_missing_count  missing_count  missing_pct  unique_count
0            species      str                344              0         0.00             3
1             island      str                344              0         0.00             3
2     bill_length_mm  float64                342              2         0.58           164
3      bill_depth_mm  float64                342              2         0.58            80
4  flipper_length_mm  float64                342              2         0.58            55
5        body_mass_g  float64                342              2         0.58            94
6                sex      str                333             11         3.20             2
2026-09-17 16:19:24 | INFO | P04 | 
              column    dtype  non_missing_count  missing_count  missing_pct  unique_count
0            species      str                344              0         0.00             3
1             island      str                344              0         0.00             3
2     bill_length_mm  float64                342              2         0.58           164
3      bill_depth_mm  float64                342              2         0.58            80
4  flipper_length_mm  float64                342              2         0.58            55
5        body_mass_g  float64                342              2         0.58            94
6                sex      str                333             11         3.20             2
2026-09-17 16:19:24 | DEBUG | P04 | 
sex                  11
bill_length_mm        2
bill_depth_mm         2
flipper_length_mm     2
body_mass_g           2
species               0
island                0
dtype: int64
2026-09-17 16:19:24 | INFO | P04 | 
Missing values:
sex                  11
bill_length_mm        2
bill_depth_mm         2
flipper_length_mm     2
body_mass_g           2
species               0
island                0
dtype: int64
2026-09-17 16:19:24 | INFO | P04 | Duplicate rows detected: 0
2026-09-17 16:19:24 | INFO | P04 | Duplicate rows: 0
2026-09-17 16:19:25 | INFO | P04 | -------------------------------
2026-09-17 16:19:25 | INFO | P04 | 04. DESCRIBE numeric variables.
2026-09-17 16:19:25 | INFO | P04 | -------------------------------
2026-09-17 16:19:25 | DEBUG | P04 | 
                   count         mean         std     min       25%      50%     75%     max
bill_length_mm     342.0    43.921930    5.459584    32.1    39.225    44.45    48.5    59.6
bill_depth_mm      342.0    17.151170    1.974793    13.1    15.600    17.30    18.7    21.5
flipper_length_mm  342.0   200.915205   14.061714   172.0   190.000   197.00   213.0   231.0
body_mass_g        342.0  4201.754386  801.954536  2700.0  3550.000  4050.00  4750.0  6300.0
2026-09-17 16:19:25 | INFO | P04 | 
                   count         mean         std     min       25%      50%     75%     max
bill_length_mm     342.0    43.921930    5.459584    32.1    39.225    44.45    48.5    59.6
bill_depth_mm      342.0    17.151170    1.974793    13.1    15.600    17.30    18.7    21.5
flipper_length_mm  342.0   200.915205   14.061714   172.0   190.000   197.00   213.0   231.0
body_mass_g        342.0  4201.754386  801.954536  2700.0  3550.000  4050.00  4750.0  6300.0
2026-09-17 16:19:25 | INFO | P04 | -------------------------------
2026-09-17 16:19:25 | INFO | P04 | 05. VISUALIZE distributions.
2026-09-17 16:19:25 | INFO | P04 | -------------------------------
2026-09-17 16:19:25 | INFO | P04 | -------------------------------
2026-09-17 16:19:25 | INFO | P04 | 06. EXPLORE relationships (e.g., between 2 numeric variables).
2026-09-17 16:19:25 | INFO | P04 | -------------------------------
2026-09-17 16:19:25 | INFO | P04 | Correlation between flipper_length_mm and body_mass_g: 0.871
2026-09-17 16:19:25 | INFO | P04 | Correlation between flipper_length_mm and body_mass_g: 0.871
2026-09-17 16:19:25 | INFO | P04 | -------------------------------
2026-09-17 16:19:25 | INFO | P04 | 07. SUMMARIZE what you found.
2026-09-17 16:19:25 | INFO | P04 | -------------------------------
2026-09-17 16:19:25 | INFO | P04 | CUSTOM OBSERVATIONS:
    The dataset contains penguin measurements.
    Some observations (rows) are complete, but some are missing values.

    I reviewed the relationship between:
    Flipper length vs. body mass
    and it shows a positive relationship.

    Based on this EDA, I would next like to review additional
    relationships between other numeric variables.
    Marimo (reactive notebook cells) might be a good choice
    for additional exploration.
    
2026-09-17 16:19:25 | INFO | P04 | -------------------------------
2026-09-17 16:19:25 | INFO | P04 | 08. DISPLAY the charts.
2026-09-17 16:19:25 | INFO | P04 | -------------------------------
2026-09-17 16:19:25 | INFO | P04 | In a script, call plt.show() at the end to display all charts.
2026-09-17 16:19:25 | INFO | P04 | Close all chart windows (with the close button) to continue.
2026-09-17 16:21:30 | INFO | P04 | ===================================
2026-09-17 16:21:30 | INFO | P04 | END main() - Executed successfully!
2026-09-17 16:21:30 | INFO | P04 | ===================================
2026-09-17 16:33:02 | INFO | P04 | === RUN START ===
2026-09-17 16:33:02 | INFO | P04 | project=P04 - EXPLORATORY DATA ANALYSIS
2026-09-17 16:33:02 | INFO | P04 | repo_dir=datafun-04-eda
2026-09-17 16:33:02 | INFO | P04 | python=3.14.7
2026-09-17 16:33:02 | INFO | P04 | os=Darwin 25.6.0
2026-09-17 16:33:02 | INFO | P04 | shell=zsh
2026-09-17 16:33:02 | INFO | P04 | cwd=.
2026-09-17 16:33:02 | INFO | P04 | github_actions=False
2026-09-17 16:33:02 | INFO | P04 | ===================================
2026-09-17 16:33:02 | INFO | P04 | START main()
2026-09-17 16:33:02 | INFO | P04 | ===================================
2026-09-17 16:33:02 | INFO | P04 | -------------------------------
2026-09-17 16:33:02 | INFO | P04 | 01. LOAD the data.
2026-09-17 16:33:02 | INFO | P04 | -------------------------------
2026-09-17 16:33:02 | INFO | P04 | Loading Seaborn dataset: penguins
2026-09-17 16:33:02 | INFO | P04 | Loaded: 344 rows, 7 columns
2026-09-17 16:33:02 | INFO | P04 | -------------------------------
2026-09-17 16:33:02 | INFO | P04 | 02. INSPECT the data.
2026-09-17 16:33:02 | INFO | P04 | -------------------------------
2026-09-17 16:33:02 | DEBUG | P04 | 
DATA INSPECTION

Grain:
one observed penguin

Shape:
344 rows
7 columns

Columns:
['species', 'island', 'bill_length_mm', 'bill_depth_mm', 'flipper_length_mm', 'body_mass_g', 'sex']

2026-09-17 16:33:02 | INFO | P04 | 
DATA INSPECTION

Grain:
one observed penguin

Shape:
344 rows
7 columns

Columns:
['species', 'island', 'bill_length_mm', 'bill_depth_mm', 'flipper_length_mm', 'body_mass_g', 'sex']

2026-09-17 16:33:02 | INFO | P04 | -------------------------------
2026-09-17 16:33:02 | INFO | P04 | 03. CHECK data quality.
2026-09-17 16:33:02 | INFO | P04 | -------------------------------
2026-09-17 16:33:02 | DEBUG | P04 | 
              column    dtype  non_missing_count  missing_count  missing_pct  unique_count
0            species      str                344              0         0.00             3
1             island      str                344              0         0.00             3
2     bill_length_mm  float64                342              2         0.58           164
3      bill_depth_mm  float64                342              2         0.58            80
4  flipper_length_mm  float64                342              2         0.58            55
5        body_mass_g  float64                342              2         0.58            94
6                sex      str                333             11         3.20             2
2026-09-17 16:33:02 | INFO | P04 | 
              column    dtype  non_missing_count  missing_count  missing_pct  unique_count
0            species      str                344              0         0.00             3
1             island      str                344              0         0.00             3
2     bill_length_mm  float64                342              2         0.58           164
3      bill_depth_mm  float64                342              2         0.58            80
4  flipper_length_mm  float64                342              2         0.58            55
5        body_mass_g  float64                342              2         0.58            94
6                sex      str                333             11         3.20             2
2026-09-17 16:33:02 | DEBUG | P04 | 
sex                  11
bill_length_mm        2
bill_depth_mm         2
flipper_length_mm     2
body_mass_g           2
species               0
island                0
dtype: int64
2026-09-17 16:33:02 | INFO | P04 | 
Missing values:
sex                  11
bill_length_mm        2
bill_depth_mm         2
flipper_length_mm     2
body_mass_g           2
species               0
island                0
dtype: int64
2026-09-17 16:33:02 | INFO | P04 | Duplicate rows detected: 0
2026-09-17 16:33:02 | INFO | P04 | Duplicate rows: 0
2026-09-17 16:33:02 | INFO | P04 | -------------------------------
2026-09-17 16:33:02 | INFO | P04 | 04. DESCRIBE numeric variables.
2026-09-17 16:33:02 | INFO | P04 | -------------------------------
2026-09-17 16:33:02 | DEBUG | P04 | 
                   count         mean         std     min       25%      50%     75%     max
bill_length_mm     342.0    43.921930    5.459584    32.1    39.225    44.45    48.5    59.6
bill_depth_mm      342.0    17.151170    1.974793    13.1    15.600    17.30    18.7    21.5
flipper_length_mm  342.0   200.915205   14.061714   172.0   190.000   197.00   213.0   231.0
body_mass_g        342.0  4201.754386  801.954536  2700.0  3550.000  4050.00  4750.0  6300.0
2026-09-17 16:33:02 | INFO | P04 | 
                   count         mean         std     min       25%      50%     75%     max
bill_length_mm     342.0    43.921930    5.459584    32.1    39.225    44.45    48.5    59.6
bill_depth_mm      342.0    17.151170    1.974793    13.1    15.600    17.30    18.7    21.5
flipper_length_mm  342.0   200.915205   14.061714   172.0   190.000   197.00   213.0   231.0
body_mass_g        342.0  4201.754386  801.954536  2700.0  3550.000  4050.00  4750.0  6300.0
2026-09-17 16:33:02 | INFO | P04 | -------------------------------
2026-09-17 16:33:02 | INFO | P04 | 05. VISUALIZE distributions.
2026-09-17 16:33:02 | INFO | P04 | -------------------------------
2026-09-17 16:33:02 | INFO | P04 | -------------------------------
2026-09-17 16:33:02 | INFO | P04 | 06. EXPLORE relationships (e.g., between 2 numeric variables).
2026-09-17 16:33:02 | INFO | P04 | -------------------------------
2026-09-17 16:33:02 | INFO | P04 | Correlation between flipper_length_mm and body_mass_g: 0.871
2026-09-17 16:33:02 | INFO | P04 | Correlation between flipper_length_mm and body_mass_g: 0.871
2026-09-17 16:33:02 | INFO | P04 | -------------------------------
2026-09-17 16:33:02 | INFO | P04 | 07. SUMMARIZE what you found.
2026-09-17 16:33:02 | INFO | P04 | -------------------------------
2026-09-17 16:33:02 | INFO | P04 | CUSTOM OBSERVATIONS:
    The dataset contains penguin measurements.
    Some observations (rows) are complete, but some are missing values.

    I reviewed the relationship between:
    Flipper length vs. body mass
    and it shows a positive relationship.

    Based on this EDA, I would next like to review additional
    relationships between other numeric variables.
    Marimo (reactive notebook cells) might be a good choice
    for additional exploration.
    
2026-09-17 16:33:02 | INFO | P04 | -------------------------------
2026-09-17 16:33:02 | INFO | P04 | 08. DISPLAY the charts.
2026-09-17 16:33:02 | INFO | P04 | -------------------------------
2026-09-17 16:33:02 | INFO | P04 | In a script, call plt.show() at the end to display all charts.
2026-09-17 16:33:02 | INFO | P04 | Close all chart windows (with the close button) to continue.
2026-09-17 16:33:11 | INFO | P04 | ===================================
2026-09-17 16:33:11 | INFO | P04 | END main() - Executed successfully!
2026-09-17 16:33:11 | INFO | P04 | ===================================
2026-09-18 18:24:47 | INFO | P04 | === RUN START ===
2026-09-18 18:24:47 | INFO | P04 | project=P04 - EXPLORATORY DATA ANALYSIS
2026-09-18 18:24:47 | INFO | P04 | repo_dir=datafun-04-eda
2026-09-18 18:24:47 | INFO | P04 | python=3.14.7
2026-09-18 18:24:47 | INFO | P04 | os=Darwin 25.6.0
2026-09-18 18:24:47 | INFO | P04 | shell=zsh
2026-09-18 18:24:47 | INFO | P04 | cwd=.
2026-09-18 18:24:47 | INFO | P04 | github_actions=False
2026-09-18 18:24:47 | INFO | P04 | ===================================
2026-09-18 18:24:47 | INFO | P04 | START main()
2026-09-18 18:24:47 | INFO | P04 | ===================================
2026-09-18 18:24:47 | INFO | P04 | -------------------------------
2026-09-18 18:24:47 | INFO | P04 | 01. LOAD the data.
2026-09-18 18:24:47 | INFO | P04 | -------------------------------
2026-09-18 18:24:47 | INFO | P04 | Loading Seaborn dataset: penguins
2026-09-18 18:24:47 | INFO | P04 | Loaded: 344 rows, 7 columns
2026-09-18 18:24:47 | INFO | P04 | -------------------------------
2026-09-18 18:24:47 | INFO | P04 | 02. INSPECT the data.
2026-09-18 18:24:47 | INFO | P04 | -------------------------------
2026-09-18 18:24:47 | DEBUG | P04 | 
DATA INSPECTION

Grain:
one observed penguin

Shape:
344 rows
7 columns

Columns:
['species', 'island', 'bill_length_mm', 'bill_depth_mm', 'flipper_length_mm', 'body_mass_g', 'sex']

2026-09-18 18:24:47 | INFO | P04 | 
DATA INSPECTION

Grain:
one observed penguin

Shape:
344 rows
7 columns

Columns:
['species', 'island', 'bill_length_mm', 'bill_depth_mm', 'flipper_length_mm', 'body_mass_g', 'sex']

2026-09-18 18:24:47 | INFO | P04 | -------------------------------
2026-09-18 18:24:47 | INFO | P04 | 03. CHECK data quality.
2026-09-18 18:24:47 | INFO | P04 | -------------------------------
2026-09-18 18:24:47 | DEBUG | P04 | 
              column    dtype  non_missing_count  missing_count  missing_pct  unique_count
0            species      str                344              0         0.00             3
1             island      str                344              0         0.00             3
2     bill_length_mm  float64                342              2         0.58           164
3      bill_depth_mm  float64                342              2         0.58            80
4  flipper_length_mm  float64                342              2         0.58            55
5        body_mass_g  float64                342              2         0.58            94
6                sex      str                333             11         3.20             2
2026-09-18 18:24:47 | INFO | P04 | 
              column    dtype  non_missing_count  missing_count  missing_pct  unique_count
0            species      str                344              0         0.00             3
1             island      str                344              0         0.00             3
2     bill_length_mm  float64                342              2         0.58           164
3      bill_depth_mm  float64                342              2         0.58            80
4  flipper_length_mm  float64                342              2         0.58            55
5        body_mass_g  float64                342              2         0.58            94
6                sex      str                333             11         3.20             2
2026-09-18 18:24:47 | DEBUG | P04 | 
sex                  11
bill_length_mm        2
bill_depth_mm         2
flipper_length_mm     2
body_mass_g           2
species               0
island                0
dtype: int64
2026-09-18 18:24:47 | INFO | P04 | 
Missing values:
sex                  11
bill_length_mm        2
bill_depth_mm         2
flipper_length_mm     2
body_mass_g           2
species               0
island                0
dtype: int64
2026-09-18 18:24:47 | INFO | P04 | Duplicate rows detected: 0
2026-09-18 18:24:47 | INFO | P04 | Duplicate rows: 0
2026-09-18 18:24:47 | INFO | P04 | -------------------------------
2026-09-18 18:24:47 | INFO | P04 | 04. DESCRIBE numeric variables.
2026-09-18 18:24:47 | INFO | P04 | -------------------------------
2026-09-18 18:24:47 | DEBUG | P04 | 
                   count         mean         std     min       25%      50%     75%     max
bill_length_mm     342.0    43.921930    5.459584    32.1    39.225    44.45    48.5    59.6
bill_depth_mm      342.0    17.151170    1.974793    13.1    15.600    17.30    18.7    21.5
flipper_length_mm  342.0   200.915205   14.061714   172.0   190.000   197.00   213.0   231.0
body_mass_g        342.0  4201.754386  801.954536  2700.0  3550.000  4050.00  4750.0  6300.0
2026-09-18 18:24:47 | INFO | P04 | 
                   count         mean         std     min       25%      50%     75%     max
bill_length_mm     342.0    43.921930    5.459584    32.1    39.225    44.45    48.5    59.6
bill_depth_mm      342.0    17.151170    1.974793    13.1    15.600    17.30    18.7    21.5
flipper_length_mm  342.0   200.915205   14.061714   172.0   190.000   197.00   213.0   231.0
body_mass_g        342.0  4201.754386  801.954536  2700.0  3550.000  4050.00  4750.0  6300.0
2026-09-18 18:24:47 | INFO | P04 | -------------------------------
2026-09-18 18:24:47 | INFO | P04 | 05. VISUALIZE distributions.
2026-09-18 18:24:47 | INFO | P04 | -------------------------------
2026-09-18 18:24:48 | INFO | P04 | -------------------------------
2026-09-18 18:24:48 | INFO | P04 | 06. EXPLORE relationships (e.g., between 2 numeric variables).
2026-09-18 18:24:48 | INFO | P04 | -------------------------------
2026-09-18 18:24:48 | INFO | P04 | Correlation between flipper_length_mm and body_mass_g: 0.871
2026-09-18 18:24:48 | INFO | P04 | Correlation between flipper_length_mm and body_mass_g: 0.871
2026-09-18 18:24:48 | INFO | P04 | -------------------------------
2026-09-18 18:24:48 | INFO | P04 | 07. SUMMARIZE what you found.
2026-09-18 18:24:48 | INFO | P04 | -------------------------------
2026-09-18 18:24:48 | INFO | P04 | CUSTOM OBSERVATIONS:
    The dataset contains penguin measurements.
    Some observations (rows) are complete, but some are missing values.

    I reviewed the relationship between:
    Flipper length vs. body mass
    and it shows a positive relationship.

    Based on this EDA, I would next like to review additional
    relationships between other numeric variables.
    Marimo (reactive notebook cells) might be a good choice
    for additional exploration.
    
2026-09-18 18:24:48 | INFO | P04 | -------------------------------
2026-09-18 18:24:48 | INFO | P04 | 08. DISPLAY the charts.
2026-09-18 18:24:48 | INFO | P04 | -------------------------------
2026-09-18 18:24:48 | INFO | P04 | In a script, call plt.show() at the end to display all charts.
2026-09-18 18:24:48 | INFO | P04 | Close all chart windows (with the close button) to continue.
2026-09-18 18:25:00 | INFO | P04 | ===================================
2026-09-18 18:25:00 | INFO | P04 | END main() - Executed successfully!
2026-09-18 18:25:00 | INFO | P04 | ===================================
2026-09-18 20:59:38 | INFO | EDA-NB | === RUN START ===
2026-09-18 20:59:38 | INFO | EDA-NB | project=EDA-NB
2026-09-18 20:59:38 | INFO | EDA-NB | repo_dir=datafun-04-eda
2026-09-18 20:59:38 | INFO | EDA-NB | python=3.14.7
2026-09-18 20:59:38 | INFO | EDA-NB | os=Darwin 25.6.0
2026-09-18 20:59:38 | INFO | EDA-NB | shell=zsh
2026-09-18 20:59:38 | INFO | EDA-NB | cwd=notebooks
2026-09-18 20:59:38 | INFO | EDA-NB | github_actions=False
2026-09-18 20:59:38 | INFO | EDA-NB | Imports and configuration complete.
2026-09-18 20:59:38 | INFO | EDA-NB | Loading dataset: penguins
2026-09-18 20:59:38 | INFO | EDA-NB | Loaded: 344 rows, 7 columns
2026-09-18 20:59:38 | INFO | EDA-NB |   species     island  bill_length_mm  bill_depth_mm  flipper_length_mm  body_mass_g     sex
0  Adelie  Torgersen            39.1           18.7              181.0       3750.0    Male
1  Adelie  Torgersen            39.5           17.4              186.0       3800.0  Female
2  Adelie  Torgersen            40.3           18.0              195.0       3250.0  Female
3  Adelie  Torgersen             NaN            NaN                NaN          NaN     NaN
4  Adelie  Torgersen            36.7           19.3              193.0       3450.0  Female
2026-09-18 20:59:38 | INFO | EDA-NB | Dataset shape: 344 rows, 7 columns
2026-09-18 20:59:38 | INFO | EDA-NB | Columns: ['species', 'island', 'bill_length_mm', 'bill_depth_mm', 'flipper_length_mm', 'body_mass_g', 'sex']
2026-09-18 20:59:38 | INFO | EDA-NB | Data dictionary:
              column    dtype  missing_count  missing_pct  unique_count
0            species      str              0         0.00             3
1             island      str              0         0.00             3
2     bill_length_mm  float64              2         0.58           164
3      bill_depth_mm  float64              2         0.58            80
4  flipper_length_mm  float64              2         0.58            55
5        body_mass_g  float64              2         0.58            94
6                sex      str             11         3.20             2
2026-09-18 20:59:38 | INFO | EDA-NB | Duplicate rows detected: 0
2026-09-18 20:59:38 | INFO | EDA-NB | Numeric summary:
                   count         mean         std     min       25%      50%     75%     max
bill_length_mm     342.0    43.921930    5.459584    32.1    39.225    44.45    48.5    59.6
bill_depth_mm      342.0    17.151170    1.974793    13.1    15.600    17.30    18.7    21.5
flipper_length_mm  342.0   200.915205   14.061714   172.0   190.000   197.00   213.0   231.0
body_mass_g        342.0  4201.754386  801.954536  2700.0  3550.000  4050.00  4750.0  6300.0
2026-09-18 20:59:38 | INFO | EDA-NB | Correlation between flipper_length_mm and body_mass_g: 0.871
2026-09-18 20:59:38 | INFO | EDA-NB | Correlation between bill_length_mm and body_mass_g: 0.595
2026-09-18 21:07:40 | INFO | P04 | === RUN START ===
2026-09-18 21:07:40 | INFO | P04 | project=P04 - EXPLORATORY DATA ANALYSIS
2026-09-18 21:07:40 | INFO | P04 | repo_dir=datafun-04-eda
2026-09-18 21:07:40 | INFO | P04 | python=3.14.7
2026-09-18 21:07:40 | INFO | P04 | os=Darwin 25.6.0
2026-09-18 21:07:40 | INFO | P04 | shell=zsh
2026-09-18 21:07:40 | INFO | P04 | cwd=.
2026-09-18 21:07:40 | INFO | P04 | github_actions=False
2026-09-18 21:07:40 | INFO | P04 | ===================================
2026-09-18 21:07:40 | INFO | P04 | START main()
2026-09-18 21:07:40 | INFO | P04 | ===================================
2026-09-18 21:07:40 | INFO | P04 | -------------------------------
2026-09-18 21:07:40 | INFO | P04 | 01. LOAD the data.
2026-09-18 21:07:40 | INFO | P04 | -------------------------------
2026-09-18 21:07:40 | INFO | P04 | Loading Seaborn dataset: penguins
2026-09-18 21:07:40 | INFO | P04 | Loaded: 344 rows, 7 columns
2026-09-18 21:07:40 | INFO | P04 | -------------------------------
2026-09-18 21:07:40 | INFO | P04 | 02. INSPECT the data.
2026-09-18 21:07:40 | INFO | P04 | -------------------------------
2026-09-18 21:07:40 | DEBUG | P04 | 
DATA INSPECTION

Grain:
one observed penguin

Shape:
344 rows
7 columns

Columns:
['species', 'island', 'bill_length_mm', 'bill_depth_mm', 'flipper_length_mm', 'body_mass_g', 'sex']

2026-09-18 21:07:40 | INFO | P04 | 
DATA INSPECTION

Grain:
one observed penguin

Shape:
344 rows
7 columns

Columns:
['species', 'island', 'bill_length_mm', 'bill_depth_mm', 'flipper_length_mm', 'body_mass_g', 'sex']

2026-09-18 21:07:40 | INFO | P04 | -------------------------------
2026-09-18 21:07:40 | INFO | P04 | 03. CHECK data quality.
2026-09-18 21:07:40 | INFO | P04 | -------------------------------
2026-09-18 21:07:40 | DEBUG | P04 | 
              column    dtype  non_missing_count  missing_count  missing_pct  unique_count
0            species      str                344              0         0.00             3
1             island      str                344              0         0.00             3
2     bill_length_mm  float64                342              2         0.58           164
3      bill_depth_mm  float64                342              2         0.58            80
4  flipper_length_mm  float64                342              2         0.58            55
5        body_mass_g  float64                342              2         0.58            94
6                sex      str                333             11         3.20             2
2026-09-18 21:07:40 | INFO | P04 | 
              column    dtype  non_missing_count  missing_count  missing_pct  unique_count
0            species      str                344              0         0.00             3
1             island      str                344              0         0.00             3
2     bill_length_mm  float64                342              2         0.58           164
3      bill_depth_mm  float64                342              2         0.58            80
4  flipper_length_mm  float64                342              2         0.58            55
5        body_mass_g  float64                342              2         0.58            94
6                sex      str                333             11         3.20             2
2026-09-18 21:07:40 | DEBUG | P04 | 
sex                  11
bill_length_mm        2
bill_depth_mm         2
flipper_length_mm     2
body_mass_g           2
species               0
island                0
dtype: int64
2026-09-18 21:07:40 | INFO | P04 | 
Missing values:
sex                  11
bill_length_mm        2
bill_depth_mm         2
flipper_length_mm     2
body_mass_g           2
species               0
island                0
dtype: int64
2026-09-18 21:07:40 | INFO | P04 | Duplicate rows detected: 0
2026-09-18 21:07:40 | INFO | P04 | Duplicate rows: 0
2026-09-18 21:07:40 | INFO | P04 | -------------------------------
2026-09-18 21:07:40 | INFO | P04 | 04. DESCRIBE numeric variables.
2026-09-18 21:07:40 | INFO | P04 | -------------------------------
2026-09-18 21:07:40 | DEBUG | P04 | 
                   count         mean         std     min       25%      50%     75%     max
bill_length_mm     342.0    43.921930    5.459584    32.1    39.225    44.45    48.5    59.6
bill_depth_mm      342.0    17.151170    1.974793    13.1    15.600    17.30    18.7    21.5
flipper_length_mm  342.0   200.915205   14.061714   172.0   190.000   197.00   213.0   231.0
body_mass_g        342.0  4201.754386  801.954536  2700.0  3550.000  4050.00  4750.0  6300.0
2026-09-18 21:07:40 | INFO | P04 | 
                   count         mean         std     min       25%      50%     75%     max
bill_length_mm     342.0    43.921930    5.459584    32.1    39.225    44.45    48.5    59.6
bill_depth_mm      342.0    17.151170    1.974793    13.1    15.600    17.30    18.7    21.5
flipper_length_mm  342.0   200.915205   14.061714   172.0   190.000   197.00   213.0   231.0
body_mass_g        342.0  4201.754386  801.954536  2700.0  3550.000  4050.00  4750.0  6300.0
2026-09-18 21:07:40 | INFO | P04 | -------------------------------
2026-09-18 21:07:40 | INFO | P04 | 05. VISUALIZE distributions.
2026-09-18 21:07:40 | INFO | P04 | -------------------------------
2026-09-18 21:07:41 | INFO | P04 | -------------------------------
2026-09-18 21:07:41 | INFO | P04 | 06. EXPLORE relationships (e.g., between 2 numeric variables).
2026-09-18 21:07:41 | INFO | P04 | -------------------------------
2026-09-18 21:07:41 | INFO | P04 | Correlation between flipper_length_mm and body_mass_g: 0.871
2026-09-18 21:07:41 | INFO | P04 | Correlation between flipper_length_mm and body_mass_g: 0.871
2026-09-18 21:07:41 | INFO | P04 | -------------------------------
2026-09-18 21:07:41 | INFO | P04 | 07. SUMMARIZE what you found.
2026-09-18 21:07:41 | INFO | P04 | -------------------------------
2026-09-18 21:07:41 | INFO | P04 | CUSTOM OBSERVATIONS:
    The dataset contains penguin measurements.
    Some observations (rows) are complete, but some are missing values.

    I reviewed the relationship between:
    Flipper length vs. body mass
    and it shows a positive relationship.

    Based on this EDA, I would next like to review additional
    relationships between other numeric variables.
    Marimo (reactive notebook cells) might be a good choice
    for additional exploration.
    
2026-09-18 21:07:41 | INFO | P04 | -------------------------------
2026-09-18 21:07:41 | INFO | P04 | 08. DISPLAY the charts.
2026-09-18 21:07:41 | INFO | P04 | -------------------------------
2026-09-18 21:07:41 | INFO | P04 | In a script, call plt.show() at the end to display all charts.
2026-09-18 21:07:41 | INFO | P04 | Close all chart windows (with the close button) to continue.
2026-09-18 21:07:50 | INFO | P04 | ===================================
2026-09-18 21:07:50 | INFO | P04 | END main() - Executed successfully!
2026-09-18 21:07:50 | INFO | P04 | ===================================
2026-09-18 21:43:46 | INFO | P04 | === RUN START ===
2026-09-18 21:43:46 | INFO | P04 | project=P04 - EXPLORATORY DATA ANALYSIS
2026-09-18 21:43:46 | INFO | P04 | repo_dir=datafun-04-eda
2026-09-18 21:43:46 | INFO | P04 | python=3.14.7
2026-09-18 21:43:46 | INFO | P04 | os=Darwin 25.6.0
2026-09-18 21:43:46 | INFO | P04 | shell=zsh
2026-09-18 21:43:46 | INFO | P04 | cwd=.
2026-09-18 21:43:46 | INFO | P04 | github_actions=False
2026-09-18 21:43:46 | INFO | P04 | ===================================
2026-09-18 21:43:46 | INFO | P04 | START main()
2026-09-18 21:43:46 | INFO | P04 | ===================================
2026-09-18 21:43:46 | INFO | P04 | -------------------------------
2026-09-18 21:43:46 | INFO | P04 | 01. LOAD the data.
2026-09-18 21:43:46 | INFO | P04 | -------------------------------
2026-09-18 21:43:46 | INFO | P04 | Loading Seaborn dataset: penguins
2026-09-18 21:43:46 | INFO | P04 | Loaded: 344 rows, 7 columns
2026-09-18 21:43:46 | INFO | P04 | -------------------------------
2026-09-18 21:43:46 | INFO | P04 | 02. INSPECT the data.
2026-09-18 21:43:46 | INFO | P04 | -------------------------------
2026-09-18 21:43:46 | DEBUG | P04 | 
DATA INSPECTION

Grain:
one observed penguin

Shape:
344 rows
7 columns

Columns:
['species', 'island', 'bill_length_mm', 'bill_depth_mm', 'flipper_length_mm', 'body_mass_g', 'sex']

2026-09-18 21:43:46 | INFO | P04 | 
DATA INSPECTION

Grain:
one observed penguin

Shape:
344 rows
7 columns

Columns:
['species', 'island', 'bill_length_mm', 'bill_depth_mm', 'flipper_length_mm', 'body_mass_g', 'sex']

2026-09-18 21:43:46 | INFO | P04 | -------------------------------
2026-09-18 21:43:46 | INFO | P04 | 03. CHECK data quality.
2026-09-18 21:43:46 | INFO | P04 | -------------------------------
2026-09-18 21:43:46 | DEBUG | P04 | 
              column    dtype  non_missing_count  missing_count  missing_pct  unique_count
0            species      str                344              0         0.00             3
1             island      str                344              0         0.00             3
2     bill_length_mm  float64                342              2         0.58           164
3      bill_depth_mm  float64                342              2         0.58            80
4  flipper_length_mm  float64                342              2         0.58            55
5        body_mass_g  float64                342              2         0.58            94
6                sex      str                333             11         3.20             2
2026-09-18 21:43:46 | INFO | P04 | 
              column    dtype  non_missing_count  missing_count  missing_pct  unique_count
0            species      str                344              0         0.00             3
1             island      str                344              0         0.00             3
2     bill_length_mm  float64                342              2         0.58           164
3      bill_depth_mm  float64                342              2         0.58            80
4  flipper_length_mm  float64                342              2         0.58            55
5        body_mass_g  float64                342              2         0.58            94
6                sex      str                333             11         3.20             2
2026-09-18 21:43:46 | DEBUG | P04 | 
sex                  11
bill_length_mm        2
bill_depth_mm         2
flipper_length_mm     2
body_mass_g           2
species               0
island                0
dtype: int64
2026-09-18 21:43:46 | INFO | P04 | 
Missing values:
sex                  11
bill_length_mm        2
bill_depth_mm         2
flipper_length_mm     2
body_mass_g           2
species               0
island                0
dtype: int64
2026-09-18 21:43:46 | INFO | P04 | Duplicate rows detected: 0
2026-09-18 21:43:46 | INFO | P04 | Duplicate rows: 0
2026-09-18 21:43:46 | INFO | P04 | -------------------------------
2026-09-18 21:43:46 | INFO | P04 | 04. DESCRIBE numeric variables.
2026-09-18 21:43:46 | INFO | P04 | -------------------------------
2026-09-18 21:43:46 | DEBUG | P04 | 
                   count         mean         std     min       25%      50%     75%     max
bill_length_mm     342.0    43.921930    5.459584    32.1    39.225    44.45    48.5    59.6
bill_depth_mm      342.0    17.151170    1.974793    13.1    15.600    17.30    18.7    21.5
flipper_length_mm  342.0   200.915205   14.061714   172.0   190.000   197.00   213.0   231.0
body_mass_g        342.0  4201.754386  801.954536  2700.0  3550.000  4050.00  4750.0  6300.0
2026-09-18 21:43:46 | INFO | P04 | 
                   count         mean         std     min       25%      50%     75%     max
bill_length_mm     342.0    43.921930    5.459584    32.1    39.225    44.45    48.5    59.6
bill_depth_mm      342.0    17.151170    1.974793    13.1    15.600    17.30    18.7    21.5
flipper_length_mm  342.0   200.915205   14.061714   172.0   190.000   197.00   213.0   231.0
body_mass_g        342.0  4201.754386  801.954536  2700.0  3550.000  4050.00  4750.0  6300.0
2026-09-18 21:43:46 | INFO | P04 | -------------------------------
2026-09-18 21:43:46 | INFO | P04 | 05. VISUALIZE distributions.
2026-09-18 21:43:46 | INFO | P04 | -------------------------------
2026-09-18 21:43:46 | INFO | P04 | -------------------------------
2026-09-18 21:43:46 | INFO | P04 | 06. EXPLORE relationships (e.g., between 2 numeric variables).
2026-09-18 21:43:46 | INFO | P04 | -------------------------------
2026-09-18 21:43:46 | INFO | P04 | Correlation between flipper_length_mm and body_mass_g: 0.871
2026-09-18 21:43:46 | INFO | P04 | Correlation between flipper_length_mm and body_mass_g: 0.871
2026-09-18 21:43:46 | INFO | P04 | -------------------------------
2026-09-18 21:43:46 | INFO | P04 | 07. SUMMARIZE what you found.
2026-09-18 21:43:46 | INFO | P04 | -------------------------------
2026-09-18 21:43:46 | INFO | P04 | CUSTOM OBSERVATIONS:
    The dataset contains penguin measurements.
    Some observations (rows) are complete, but some are missing values.

    I reviewed the relationship between:
    Flipper length vs. body mass
    and it shows a positive relationship.

    Based on this EDA, I would next like to review additional
    relationships between other numeric variables.
    Marimo (reactive notebook cells) might be a good choice
    for additional exploration.
    
2026-09-18 21:43:46 | INFO | P04 | -------------------------------
2026-09-18 21:43:46 | INFO | P04 | 08. DISPLAY the charts.
2026-09-18 21:43:46 | INFO | P04 | -------------------------------
2026-09-18 21:43:46 | INFO | P04 | In a script, call plt.show() at the end to display all charts.
2026-09-18 21:43:46 | INFO | P04 | Close all chart windows (with the close button) to continue.
2026-09-18 21:43:54 | INFO | P04 | ===================================
2026-09-18 21:43:54 | INFO | P04 | END main() - Executed successfully!
2026-09-18 21:43:54 | INFO | P04 | ===================================
